--------------------------------------------------------------------------------------
Timing Analyzer Summary
--------------------------------------------------------------------------------------

Type           : Worst-case tsu
Slack          : N/A
Required Time  : None
Actual Time    : 2.928 ns
From           : inputs[2]
To             : outputs[5]$latch
From Clock     : --
To Clock       : inputs[1]
Failed Paths   : 0

Type           : Worst-case tco
Slack          : N/A
Required Time  : None
Actual Time    : 13.092 ns
From           : outputs[2]$latch
To             : outputs[2]
From Clock     : inputs[0]
To Clock       : --
Failed Paths   : 0

Type           : Worst-case th
Slack          : N/A
Required Time  : None
Actual Time    : -0.752 ns
From           : inputs[1]
To             : outputs[4]$latch
From Clock     : --
To Clock       : inputs[0]
Failed Paths   : 0

Type           : Total number of failed paths
Slack          : 
Required Time  : 
Actual Time    : 
From           : 
To             : 
From Clock     : 
To Clock       : 
Failed Paths   : 0

--------------------------------------------------------------------------------------

